RAM Allocation
Variable                                                          Address   Size
--------------------------------------------------------------------------------
glcd_state                                                        0x0282      29
ks0108_coord                                                      0x029F       3
_seed                                                             0x02A2       4

EEPROM Allocation
Variable                                                          Address   Size
--------------------------------------------------------------------------------

Register Allocation
Variable                                                          Register  Size
--------------------------------------------------------------------------------
center_x                                                          R4,R5        2
center_y                                                          R6,R7        2
Direction                                                         R8,R9        2
radius                                                            R10,R11      2
